C51 COMPILER V9.56.0.0   MAIN                                                              06/07/2018 20:54:24 PAGE 1   


C51 COMPILER V9.56.0.0, COMPILATION OF MODULE MAIN
OBJECT MODULE PLACED IN main.OBJ
COMPILER INVOKED BY: G:\keil\C51\BIN\C51.EXE main.c OPTIMIZE(8,SPEED) BROWSE DEBUG OBJECTEXTEND TABS(2)

line level    source

   1          /**************************************************************************************
   2          *                 串口通信实验                          *
   3          实现现象：下载程序后打开串口调试助手，将波特率设置为4800，选择发送的数据就可以显示
   4                在串口助手上。
   5          注意事项：无。                                          
   6          ***************************************************************************************/
   7          
   8          #include "reg52.h"//此文件中定义了单片机的一些特殊功能寄存器
   9          sbit led=P2^7;
  10          typedef unsigned int u16;   //对数据类型进行声明定义
  11          typedef unsigned char u8;
  12          
  13          
  14          /*******************************************************************************
  15          * 函数名         :UsartInit()
  16          * 函数功能       :设置串口
  17          * 输入           : 无
  18          * 输出           : 无
  19          *******************************************************************************/
  20          void UsartInit()
  21          {
  22   1        SCON=0X50;      //设置为工作方式1
  23   1        TMOD=0X20;      //设置计数器工作方式2
  24   1        PCON=0X80;      //波特率加倍
  25   1        TH1=0XF3;       //计数器初始值设置，注意波特率是4800的
  26   1        TL1=0XF3;
  27   1        ES=1;           //打开接收中断
  28   1        EA=1;           //打开总中断
  29   1        TR1=1;          //打开计数器
  30   1      }
  31          
  32          /*******************************************************************************
  33          * 函 数 名       : main
  34          * 函数功能     : 主函数
  35          * 输    入       : 无
  36          * 输    出       : 无
  37          *******************************************************************************/
  38          void delay(u16 i)
  39          {
  40   1        while(i--); 
  41   1      }
  42          void main()
  43          { 
  44   1        UsartInit();  //  串口初始化
  45   1        led=0;
  46   1        while(1);
  47   1      }
  48          
  49          /*******************************************************************************
  50          * 函数名         : Usart() interrupt 4
  51          * 函数功能      : 串口通信中断函数
  52          * 输入           : 无
  53          * 输出           : 无
  54          *******************************************************************************/
  55          void Usart() interrupt 4
C51 COMPILER V9.56.0.0   MAIN                                                              06/07/2018 20:54:24 PAGE 2   

  56          {
  57   1        u8 receiveData;
  58   1      
  59   1        receiveData=SBUF;//出去接收到的数据
  60   1      led=1;
  61   1      delay(50000);
  62   1        RI = 0;//清除接收中断标志位
  63   1      SBUF=receiveData;//将接收到的数据放入到发送寄存器
  64   1        while(!TI);      //等待发送数据完成
  65   1        TI=0;            //清除发送完成标志位
  66   1      led=0;
  67   1      delay(50000);
  68   1      }


MODULE INFORMATION:   STATIC OVERLAYABLE
   CODE SIZE        =     97    ----
   CONSTANT SIZE    =   ----    ----
   XDATA SIZE       =   ----    ----
   PDATA SIZE       =   ----    ----
   DATA SIZE        =   ----    ----
   IDATA SIZE       =   ----    ----
   BIT SIZE         =   ----    ----
END OF MODULE INFORMATION.


C51 COMPILATION COMPLETE.  0 WARNING(S),  0 ERROR(S)
